Keys:
  j/k, arrows; enter; space; /; ctrl+p; ?
Views:
  list, detail, board, search, graph, activity, settings
