IssueMap TUI (preview)
Repo: /Users/olayeku/Code/issuemap
Mode: server
